<?xml version="1.0" encoding="utf-8"?><testsuites name="pytest tests"><testsuite name="pytest" errors="0" failures="1" skipped="0" tests="79" time="3.207" timestamp="2025-11-29T19:02:01.763523-05:00" hostname="home"><testcase classname="test.test_blacklist" name="test_is_blacklisted_matrix[https://github.com/marketplace-True]" file="test\test_blacklist.py" line="56" time="0.009" /><testcase classname="test.test_blacklist" name="test_is_blacklisted_matrix[https://news.joinmastodon.org-True]" file="test\test_blacklist.py" line="56" time="0.008" /><testcase classname="test.test_blacklist" name="test_is_blacklisted_matrix[https://api.stackexchange.com/2.3/questions-True]" file="test\test_blacklist.py" line="56" time="0.002" /><testcase classname="test.test_blacklist" name="test_is_blacklisted_matrix[https://example.org/about-False]" file="test\test_blacklist.py" line="56" time="0.001" /><testcase classname="test.test_blacklist" name="test_is_blacklisted_matrix[https://docs.joinmastodon.org/admin/config-True]" file="test\test_blacklist.py" line="56" time="0.001" /><testcase classname="test.test_blacklist" name="test_is_blacklisted_matrix[https://joinmastodon.org-True]" file="test\test_blacklist.py" line="56" time="0.001" /><testcase classname="test.test_blacklist" name="test_is_blacklisted_matrix[https://github.com/sponsors-True]" file="test\test_blacklist.py" line="56" time="0.001" /><testcase classname="test.test_blacklist" name="test_queue_candidates_from_pivot_respects_blacklist_and_origin_exclusion" file="test\test_blacklist.py" line="114" time="0.010" /><testcase classname="test.test_blacklist" name="test_is_blacklisted_matrix[https://github.com/resources/case-studies-True]" file="test\test_blacklist.py" line="56" time="0.001" /><testcase classname="test.test_blacklist" name="test_is_blacklisted_matrix[https://meta.stackoverflow.co/-True]" file="test\test_blacklist.py" line="56" time="0.001" /><testcase classname="test.test_blacklist" name="test_is_blacklisted_matrix[https://pypi.org/project/requests/-False]" file="test\test_blacklist.py" line="56" time="0.001" /><testcase classname="test.test_blacklist" name="test_is_blacklisted_matrix[https://stackoverflow.co/company-True]" file="test\test_blacklist.py" line="56" time="0.001" /><testcase classname="test.test_blacklist" name="test_is_blacklisted_matrix[https://github.com/trending/python?since=daily-True]" file="test\test_blacklist.py" line="56" time="0.001" /><testcase classname="test.test_blacklist" name="test_is_blacklisted_matrix[https://github.com/sponsors/pypa-True]" file="test\test_blacklist.py" line="56" time="0.001" /><testcase classname="test.test_blacklist" name="test_is_blacklisted_matrix[https://x.com/someuser/status/123-True]" file="test\test_blacklist.py" line="56" time="0.001" /><testcase classname="test.test_blacklist" name="test_is_blacklisted_matrix[https://reddit.com/r/something-True]" file="test\test_blacklist.py" line="56" time="0.001" /><testcase classname="test.test_blacklist" name="test_is_blacklisted_matrix[https://twitter.com/abc-True]" file="test\test_blacklist.py" line="56" time="0.001" /><testcase classname="test.test_blacklist" name="test_queue_candidates_from_origin_respects_blacklist" file="test\test_blacklist.py" line="92" time="0.005" /><testcase classname="test.test_blacklist" name="test_is_blacklisted_matrix[https://joinmastodon.org/servers-True]" file="test\test_blacklist.py" line="56" time="0.001" /><testcase classname="test.test_blacklist" name="test_is_blacklisted_matrix[https://stackoverflow.blog/inside-stack/-True]" file="test\test_blacklist.py" line="56" time="0.001" /><testcase classname="test.test_blacklist" name="test_is_blacklisted_matrix[https://github.com/features/code-security-True]" file="test\test_blacklist.py" line="56" time="0.001" /><testcase classname="test.test_blacklist" name="test_is_blacklisted_matrix[https://linkedin.com/in/matthewdeanmartin-True]" file="test\test_blacklist.py" line="56" time="0.001" /><testcase classname="test.test_all" name="test_score_with_one_strong_signal" file="test\test_all.py" line="10" time="0.003" /><testcase classname="test.test_blacklist" name="test_is_blacklisted_matrix[https://github.com/pypa/pip-False]" file="test\test_blacklist.py" line="56" time="0.001" /><testcase classname="test.test_score" name="test_two_weak_plus_indirect_is_medium_not_high" file="test\test_score.py" line="88" time="0.003" /><testcase classname="test.test_all" name="test_score_with_weak_signals" file="test\test_all.py" line="37" time="0.001" /><testcase classname="test.test_all" name="test_score_with_no_evidence" file="test\test_all.py" line="63" time="0.001" /><testcase classname="test.test_score" name="test_weak_only_progression[3-50-medium]" file="test\test_score.py" line="40" time="0.001" /><testcase classname="test.test_score" name="test_strong_plus_weak_saturates_and_clamps_to_100" file="test\test_score.py" line="72" time="0.001" /><testcase classname="test.test_score" name="test_strong_alone_scores_high" file="test\test_score.py" line="32" time="0.001" /><testcase classname="test.test_score" name="test_weak_only_progression[10-50-medium]" file="test\test_score.py" line="40" time="0.001" /><testcase classname="test.test_score" name="test_indirect_only_progression[4-8-low]" file="test\test_score.py" line="56" time="0.001" /><testcase classname="test.test_score" name="test_indirect_only_progression[1-2-low]" file="test\test_score.py" line="56" time="0.001" /><testcase classname="test.test_score" name="test_weak_only_progression[1-25-low]" file="test\test_score.py" line="40" time="0.001" /><testcase classname="test.test_score" name="test_strong_plus_indirect_adds_small_bonus" file="test\test_score.py" line="80" time="0.001" /><testcase classname="test.test_score" name="test_empty_evidence_scores_low" file="test\test_score.py" line="26" time="0.001" /><testcase classname="test.test_score" name="test_one_weak_plus_indirect_stays_low" file="test\test_score.py" line="96" time="0.001" /><testcase classname="test.test_score" name="test_indirect_only_progression[12-10-low]" file="test\test_score.py" line="56" time="0.002" /><testcase classname="test.test_score" name="test_indirect_only_progression[5-10-low]" file="test\test_score.py" line="56" time="0.001" /><testcase classname="test.test_score" name="test_weak_only_progression[2-50-medium]" file="test\test_score.py" line="40" time="0.001" /><testcase classname="test.test_link_logic_more" name="test_is_fetchable_url[mailto:user@example.com-False]" file="test\test_link_logic_more.py" line="51" time="0.001" /><testcase classname="test.test_link_logic_more" name="test_classify_backlink_rel_me_and_trusted_surface" file="test\test_link_logic_more.py" line="284" time="0.004" /><testcase classname="test.test_link_logic_more" name="test_is_fetchable_url[http://example.com-True]" file="test\test_link_logic_more.py" line="51" time="0.001" /><testcase classname="test.test_link_logic_more" name="test_detect_backlink_element_ignores_non_fetchable" file="test\test_link_logic_more.py" line="171" time="0.002" /><testcase classname="test.test_link_logic_more" name="test__is_same_domain_blocked_naive[no-self-domain-or-subdomain-a.example.com-example.com-True]" file="test\test_link_logic_more.py" line="94" time="0.002" /><testcase classname="test.test_link_logic_more" name="test__is_same_domain_blocked_naive[no-self-domain-a.example.com-example.com-False]" file="test\test_link_logic_more.py" line="94" time="0.001" /><testcase classname="test.test_link_logic_more" name="test__netloc_extracts_host" file="test\test_link_logic_more.py" line="72" time="0.001" /><testcase classname="test.test_link_logic_more" name="test_detect_backlink_element_matches_resolved_and_normalized" file="test\test_link_logic_more.py" line="155" time="0.001" /><testcase classname="test.test_link_logic_more" name="test__is_same_domain_blocked_naive[no-self-domain-or-subdomain-example.com-example.com-True]" file="test\test_link_logic_more.py" line="94" time="0.001" /><testcase classname="test.test_link_logic_more" name="test__registrable_domain_or_with_tldextract_if_available" file="test\test_link_logic_more.py" line="85" time="0.051" /><testcase classname="test.test_link_logic_more" name="test_is_fetchable_url[data:text/html,hi-False]" file="test\test_link_logic_more.py" line="51" time="0.001" /><testcase classname="test.test_link_logic_more" name="test_normalize_url_basic[https://example.com-https://example.com]" file="test\test_link_logic_more.py" line="28" time="0.001" /><testcase classname="test.test_link_logic_more" name="test__is_same_domain_blocked_naive[no-self-domain-or-subdomain-other.com-example.com-False]" file="test\test_link_logic_more.py" line="94" time="0.001" /><testcase classname="test.test_link_logic_more" name="test_is_fetchable_url[https://example.com/x-True]" file="test\test_link_logic_more.py" line="51" time="0.001" /><testcase classname="test.test_link_logic_more" name="test__is_same_domain_blocked_registrable_domain" file="test\test_link_logic_more.py" line="116" time="0.080" /><testcase classname="test.test_link_logic_more" name="test__is_same_domain_blocked_naive[follow-a.example.com-example.com-False]" file="test\test_link_logic_more.py" line="94" time="0.001" /><testcase classname="test.test_link_logic_more" name="test_normalize_url_malformed_returns_input" file="test\test_link_logic_more.py" line="42" time="0.001" /><testcase classname="test.test_link_logic_more" name="test_is_fetchable_url[-False]" file="test\test_link_logic_more.py" line="51" time="0.001" /><testcase classname="test.test_link_logic_more" name="test_queue_candidates_from_origin_respects_max_outlinks" file="test\test_link_logic_more.py" line="221" time="0.007" /><testcase classname="test.test_link_logic_more" name="test_is_fetchable_url[javascript:alert(1)-False]" file="test\test_link_logic_more.py" line="51" time="0.001" /><testcase classname="test.test_link_logic_more" name="test_is_fetchable_url[about:blank-False]" file="test\test_link_logic_more.py" line="51" time="0.001" /><testcase classname="test.test_link_logic_more" name="test_normalize_url_basic[https://Example.com/-https://example.com]" file="test\test_link_logic_more.py" line="28" time="0.001" /><testcase classname="test.test_link_logic_more" name="test_normalize_url_basic[https://example.com/a/b/-https://example.com/a/b]" file="test\test_link_logic_more.py" line="28" time="0.001" /><testcase classname="test.test_link_logic_more" name="test__registrable_domain_or_fallback_strips_www_when_no_tldextract" file="test\test_link_logic_more.py" line="79" time="0.001" /><testcase classname="test.test_link_logic_more" name="test_extract_href_elements_includes_a_and_link_only_with_href" file="test\test_link_logic_more.py" line="134" time="0.002" /><testcase classname="test.test_link_logic_more" name="test_normalize_url_basic[https://example.com/-https://example.com]" file="test\test_link_logic_more.py" line="28" time="0.001" /><testcase classname="test.test_link_logic_more" name="test_queue_candidates_from_origin_policy_blocks_self_and_subdomains" file="test\test_link_logic_more.py" line="251" time="0.001" /><testcase classname="test.test_link_logic_more" name="test_is_fetchable_url[ftp://example.com/file-False]" file="test\test_link_logic_more.py" line="51" time="0.001" /><testcase classname="test.test_link_logic_more" name="test_make_evidence_fields_populated" file="test\test_link_logic_more.py" line="300" time="0.001" /><testcase classname="test.test_link_logic_more" name="test_is_fetchable_url[tel:+123456-False]" file="test\test_link_logic_more.py" line="51" time="0.001" /><testcase classname="test.test_link_logic_more" name="test__is_same_domain_blocked_naive[no-self-domain-example.com-example.com-True]" file="test\test_link_logic_more.py" line="94" time="0.001" /><testcase classname="test.test_link_logic_more" name="test_normalize_url_basic[HTTP://EXAMPLE.COM/Path/#frag-http://example.com/Path]" file="test\test_link_logic_more.py" line="28" time="0.001" /><testcase classname="test.test_link_logic_more" name="test_queue_candidates_from_origin_skips_non_fetchable_and_duplicates_and_visited" file="test\test_link_logic_more.py" line="185" time="0.001" /><testcase classname="test.test_cache" name="test_caching_errors_when_enabled" file="test\test_cache.py" line="60" time="0.034" /><testcase classname="test.test_cache" name="test_set_and_get_html_ok_lowercases_headers_and_content_type" file="test\test_cache.py" line="7" time="0.033" /><testcase classname="test.test_cache" name="test_not_caching_errors_by_default" file="test\test_cache.py" line="38" time="0.022" /><testcase classname="test.test_cache" name="test_create_cache_object_idempotent" file="test\test_cache.py" line="112" time="0.021" /><testcase classname="test.test_cache" name="test_disabled_cache_does_not_initialize_internal_cache" file="test\test_cache.py" line="128" time="0.002"><failure message="AssertionError: assert not True&#10; +  where True = hasattr(&lt;naive_backlink.cache.FileCache object at 0x000001F599EB8550&gt;, '_cache')">def test_disabled_cache_does_not_initialize_internal_cache():
        cfg = CacheConfig(
            enabled=False,
            directory=".should_not_be_used",
            expire_seconds=30,
            store_errors=False,
        )
        fc = FileCache(cfg)
        # Implementation detail: when disabled, constructor returns early
        # and _cache is never created.
&gt;       assert not hasattr(fc, "_cache")
E       AssertionError: assert not True
E        +  where True = hasattr(&lt;naive_backlink.cache.FileCache object at 0x000001F599EB8550&gt;, '_cache')

test\test_cache.py:139: AssertionError</failure></testcase><testcase classname="test.test_cache" name="test_os_default_directory_uses_platformdirs" file="test\test_cache.py" line="84" time="0.018" /></testsuite></testsuites>